2025-11-01T14:58:07.466Z [WARN MongoDB hydration] | Error: MongoDB not initialized
Error: MongoDB not initialized
    at getDb (/home/hb/dashboard/tracker_web/src/lib/db/mongo.ts:46:18)
    at main (/home/hb/dashboard/tracker_web/src/server/index.ts:52:20)
2025-11-01T14:58:07.523Z [WARN Feed Registry query failed for DOT/USD] | Error: No feed found in registry for DOT/USD
Error: No feed found in registry for DOT/USD
    at OracleAggregator.refreshViaFeedRegistry (/home/hb/dashboard/tracker_web/src/server/oracles/oracleAggregator.ts:421:15)
    at process.processTicksAndRejections (node:internal/process/task_queues:95:5)
    at async OracleAggregator.refreshAggregatorFeed (/home/hb/dashboard/tracker_web/src/server/oracles/oracleAggregator.ts:349:18)
    at async OracleAggregator.refreshFeed (/home/hb/dashboard/tracker_web/src/server/oracles/oracleAggregator.ts:265:9)
    at async Promise.allSettled (index 19)
    at async OracleAggregator.refresh (/home/hb/dashboard/tracker_web/src/server/oracles/oracleAggregator.ts:242:23)
2025-11-01T14:58:37.521Z [WARN Feed Registry query failed for DOT/USD] | Error: No feed found in registry for DOT/USD
Error: No feed found in registry for DOT/USD
    at OracleAggregator.refreshViaFeedRegistry (/home/hb/dashboard/tracker_web/src/server/oracles/oracleAggregator.ts:421:15)
    at process.processTicksAndRejections (node:internal/process/task_queues:95:5)
    at async OracleAggregator.refreshAggregatorFeed (/home/hb/dashboard/tracker_web/src/server/oracles/oracleAggregator.ts:349:18)
    at async OracleAggregator.refreshFeed (/home/hb/dashboard/tracker_web/src/server/oracles/oracleAggregator.ts:265:9)
    at async Promise.allSettled (index 19)
    at async OracleAggregator.refresh (/home/hb/dashboard/tracker_web/src/server/oracles/oracleAggregator.ts:242:23)
2025-11-01T14:59:07.510Z [WARN Feed Registry query failed for DOT/USD] | Error: No feed found in registry for DOT/USD
Error: No feed found in registry for DOT/USD
    at OracleAggregator.refreshViaFeedRegistry (/home/hb/dashboard/tracker_web/src/server/oracles/oracleAggregator.ts:421:15)
    at process.processTicksAndRejections (node:internal/process/task_queues:95:5)
    at async OracleAggregator.refreshAggregatorFeed (/home/hb/dashboard/tracker_web/src/server/oracles/oracleAggregator.ts:349:18)
    at async OracleAggregator.refreshFeed (/home/hb/dashboard/tracker_web/src/server/oracles/oracleAggregator.ts:265:9)
    at async Promise.allSettled (index 19)
    at async OracleAggregator.refresh (/home/hb/dashboard/tracker_web/src/server/oracles/oracleAggregator.ts:242:23)
2025-11-01T14:59:37.545Z [WARN Feed Registry query failed for DOT/USD] | Error: No feed found in registry for DOT/USD
Error: No feed found in registry for DOT/USD
    at OracleAggregator.refreshViaFeedRegistry (/home/hb/dashboard/tracker_web/src/server/oracles/oracleAggregator.ts:421:15)
    at process.processTicksAndRejections (node:internal/process/task_queues:95:5)
    at async OracleAggregator.refreshAggregatorFeed (/home/hb/dashboard/tracker_web/src/server/oracles/oracleAggregator.ts:349:18)
    at async OracleAggregator.refreshFeed (/home/hb/dashboard/tracker_web/src/server/oracles/oracleAggregator.ts:265:9)
    at async Promise.allSettled (index 19)
    at async OracleAggregator.refresh (/home/hb/dashboard/tracker_web/src/server/oracles/oracleAggregator.ts:242:23)
2025-11-01T15:00:07.510Z [WARN Feed Registry query failed for DOT/USD] | Error: No feed found in registry for DOT/USD
Error: No feed found in registry for DOT/USD
    at OracleAggregator.refreshViaFeedRegistry (/home/hb/dashboard/tracker_web/src/server/oracles/oracleAggregator.ts:421:15)
    at process.processTicksAndRejections (node:internal/process/task_queues:95:5)
    at async OracleAggregator.refreshAggregatorFeed (/home/hb/dashboard/tracker_web/src/server/oracles/oracleAggregator.ts:349:18)
    at async OracleAggregator.refreshFeed (/home/hb/dashboard/tracker_web/src/server/oracles/oracleAggregator.ts:265:9)
    at async Promise.allSettled (index 19)
    at async OracleAggregator.refresh (/home/hb/dashboard/tracker_web/src/server/oracles/oracleAggregator.ts:242:23)
2025-11-01T15:00:37.518Z [WARN Feed Registry query failed for DOT/USD] | Error: No feed found in registry for DOT/USD
Error: No feed found in registry for DOT/USD
    at OracleAggregator.refreshViaFeedRegistry (/home/hb/dashboard/tracker_web/src/server/oracles/oracleAggregator.ts:421:15)
    at process.processTicksAndRejections (node:internal/process/task_queues:95:5)
    at async OracleAggregator.refreshAggregatorFeed (/home/hb/dashboard/tracker_web/src/server/oracles/oracleAggregator.ts:349:18)
    at async OracleAggregator.refreshFeed (/home/hb/dashboard/tracker_web/src/server/oracles/oracleAggregator.ts:265:9)
    at async Promise.allSettled (index 19)
    at async OracleAggregator.refresh (/home/hb/dashboard/tracker_web/src/server/oracles/oracleAggregator.ts:242:23)
2025-11-01T15:01:07.506Z [WARN Feed Registry query failed for DOT/USD] | Error: No feed found in registry for DOT/USD
Error: No feed found in registry for DOT/USD
    at OracleAggregator.refreshViaFeedRegistry (/home/hb/dashboard/tracker_web/src/server/oracles/oracleAggregator.ts:421:15)
    at process.processTicksAndRejections (node:internal/process/task_queues:95:5)
    at async OracleAggregator.refreshAggregatorFeed (/home/hb/dashboard/tracker_web/src/server/oracles/oracleAggregator.ts:349:18)
    at async OracleAggregator.refreshFeed (/home/hb/dashboard/tracker_web/src/server/oracles/oracleAggregator.ts:265:9)
    at async Promise.allSettled (index 19)
    at async OracleAggregator.refresh (/home/hb/dashboard/tracker_web/src/server/oracles/oracleAggregator.ts:242:23)
